---
source: crates/harness-guard-cli/tests/scan_snapshots.rs
expression: text
---
harness-guard 0.1.0 · ruleset 2026.07.15 · scanned [TIMESTAMP] · no network requests made

detected tools
  ● codex 0.144.4 · config [CONFIG_PATH] · confidence high

codex 0.144.4 — rules verified ≤0.144.4 · 2026-07-15
1 warning · 0 info · 0 unknown · 0 stale · 0 passed

!! WARNING: Codex CLI persists local session transcripts to history.jsonl under CODEX_HOME.
   rule codex-history-persist-01 · official-documentation
   observed: history.persistence unset (documented default "save-all" applies)
   fix: Add to ~/.codex/config.toml:
        [history]
        persistence = "none"
   = source: https://learn.chatgpt.com/docs/config-file/config-reference (2026-07-15)
   = harness-guard explain codex-history-persist-01

1 warning · 0 info · 0 unknown · 0 stale · 0 passed — 0 network requests made
No numeric score is produced — read findings individually.
