---
source: crates/harness-guard-cli/tests/scan_snapshots.rs
expression: text
---
harness-guard 0.1.0 · ruleset 2026.07.15 · scanned [TIMESTAMP] · no network requests made

detected tools
  ○ codex — not detected

0 warning · 0 info · 0 unknown · 0 stale · 0 passed — 0 network requests made
No numeric score is produced — read findings individually.
