---
source: crates/harness-guard-cli/tests/scan_snapshots.rs
assertion_line: 17
expression: text
---
harness-guard 0.1.0 · ruleset 2026.07.16 · scanned [TIMESTAMP] · no network requests made

detected tools
  ○ claude-code — not detected
  ● codex 0.144.5 · config [CONFIG_PATH] · confidence high
  ○ grok-build — not detected

codex 0.144.5 — rules verified ≤0.144.5 · 2026-07-16
0 warning · 0 info · 1 unknown · 0 stale · 0 passed

?? UNKNOWN: Cannot determine history persistence posture: history.persistence is set to an unrecognized value — raw values are never displayed
   reason: history.persistence is set to an unrecognized value — raw values are never displayed
   verify: https://learn.chatgpt.com/docs/config-file/config-reference
   = harness-guard explain codex-history-persist-01

0 warning · 0 info · 1 unknown · 0 stale · 0 passed — 0 network requests made
No numeric score is produced — read findings individually.
