---
source: crates/harness-guard-cli/tests/scan_snapshots.rs
expression: text
---
?? UNKNOWN: Cannot determine history persistence posture: history.persistence is unset in the user-level config; uninspected system, profile, trusted-project, or CLI layers may determine the effective value.
   reason: history.persistence is unset in the user-level config; uninspected system, profile, trusted-project, or CLI layers may determine the effective value.
   verify: https://learn.chatgpt.com/docs/config-file/config-reference
   = harness-guard explain codex-history-persist-01

0 warning · 0 info · 1 unknown · 0 stale · 0 passed — 0 network requests made
No numeric score is produced — read findings individually.
